Archive member included because of file (symbol)

c:/winavr-20071221/bin/../lib/gcc/avr/4.2.2/avr5\libgcc.a(_divmodhi4.o)
                              ADC.o (__divmodhi4)
c:/winavr-20071221/bin/../lib/gcc/avr/4.2.2/avr5\libgcc.a(_exit.o)
                              c:/winavr-20071221/bin/../lib/gcc/avr/4.2.2/../../../../avr/lib/avr5/crtm32.o (exit)
c:/winavr-20071221/bin/../lib/gcc/avr/4.2.2/avr5\libgcc.a(_copy_data.o)
                              Main.o (__do_copy_data)
c:/winavr-20071221/bin/../lib/gcc/avr/4.2.2/avr5\libgcc.a(_clear_bss.o)
                              Main.o (__do_clear_bss)
c:/winavr-20071221/bin/../lib/gcc/avr/4.2.2/avr5\libgcc.a(_addsub_sf.o)
                              ADC.o (__subsf3)
c:/winavr-20071221/bin/../lib/gcc/avr/4.2.2/avr5\libgcc.a(_mul_sf.o)
                              ADC.o (__mulsf3)
c:/winavr-20071221/bin/../lib/gcc/avr/4.2.2/avr5\libgcc.a(_div_sf.o)
                              ADC.o (__divsf3)
c:/winavr-20071221/bin/../lib/gcc/avr/4.2.2/avr5\libgcc.a(_sf_to_si.o)
                              ADC.o (__fixsfsi)
c:/winavr-20071221/bin/../lib/gcc/avr/4.2.2/avr5\libgcc.a(_thenan_sf.o)
                              c:/winavr-20071221/bin/../lib/gcc/avr/4.2.2/avr5\libgcc.a(_addsub_sf.o) (__thenan_sf)
c:/winavr-20071221/bin/../lib/gcc/avr/4.2.2/avr5\libgcc.a(_usi_to_sf.o)
                              ADC.o (__floatunsisf)
c:/winavr-20071221/bin/../lib/gcc/avr/4.2.2/avr5\libgcc.a(_udivmodhi4.o)
                              c:/winavr-20071221/bin/../lib/gcc/avr/4.2.2/avr5\libgcc.a(_divmodhi4.o) (__udivmodhi4)
c:/winavr-20071221/bin/../lib/gcc/avr/4.2.2/avr5\libgcc.a(_prologue.o)
                              c:/winavr-20071221/bin/../lib/gcc/avr/4.2.2/avr5\libgcc.a(_addsub_sf.o) (__prologue_saves__)
c:/winavr-20071221/bin/../lib/gcc/avr/4.2.2/avr5\libgcc.a(_epilogue.o)
                              c:/winavr-20071221/bin/../lib/gcc/avr/4.2.2/avr5\libgcc.a(_addsub_sf.o) (__epilogue_restores__)
c:/winavr-20071221/bin/../lib/gcc/avr/4.2.2/avr5\libgcc.a(_clzsi2.o)
                              c:/winavr-20071221/bin/../lib/gcc/avr/4.2.2/avr5\libgcc.a(_usi_to_sf.o) (__clzsi2)
c:/winavr-20071221/bin/../lib/gcc/avr/4.2.2/avr5\libgcc.a(_pack_sf.o)
                              c:/winavr-20071221/bin/../lib/gcc/avr/4.2.2/avr5\libgcc.a(_addsub_sf.o) (__pack_f)
c:/winavr-20071221/bin/../lib/gcc/avr/4.2.2/avr5\libgcc.a(_unpack_sf.o)
                              c:/winavr-20071221/bin/../lib/gcc/avr/4.2.2/avr5\libgcc.a(_addsub_sf.o) (__unpack_f)
c:/winavr-20071221/bin/../lib/gcc/avr/4.2.2/avr5\libgcc.a(_clz.o)
                              c:/winavr-20071221/bin/../lib/gcc/avr/4.2.2/avr5\libgcc.a(_clzsi2.o) (__clz_tab)
c:/winavr-20071221/bin/../lib/gcc/avr/4.2.2/../../../../avr/lib/avr5\libc.a(strcat.o)
                              ADC.o (strcat)
c:/winavr-20071221/bin/../lib/gcc/avr/4.2.2/../../../../avr/lib/avr5\libc.a(itoa.o)
                              ADC.o (itoa)
c:/winavr-20071221/bin/../lib/gcc/avr/4.2.2/../../../../avr/lib/avr5\libc.a(sprintf.o)
                              ADC.o (sprintf)
c:/winavr-20071221/bin/../lib/gcc/avr/4.2.2/../../../../avr/lib/avr5\libc.a(vfprintf_std.o)
                              c:/winavr-20071221/bin/../lib/gcc/avr/4.2.2/../../../../avr/lib/avr5\libc.a(sprintf.o) (vfprintf)
c:/winavr-20071221/bin/../lib/gcc/avr/4.2.2/../../../../avr/lib/avr5\libc.a(strnlen_P.o)
                              c:/winavr-20071221/bin/../lib/gcc/avr/4.2.2/../../../../avr/lib/avr5\libc.a(vfprintf_std.o) (strnlen_P)
c:/winavr-20071221/bin/../lib/gcc/avr/4.2.2/../../../../avr/lib/avr5\libc.a(strnlen.o)
                              c:/winavr-20071221/bin/../lib/gcc/avr/4.2.2/../../../../avr/lib/avr5\libc.a(vfprintf_std.o) (strnlen)
c:/winavr-20071221/bin/../lib/gcc/avr/4.2.2/../../../../avr/lib/avr5\libc.a(strrev.o)
                              c:/winavr-20071221/bin/../lib/gcc/avr/4.2.2/../../../../avr/lib/avr5\libc.a(itoa.o) (strrev)
c:/winavr-20071221/bin/../lib/gcc/avr/4.2.2/../../../../avr/lib/avr5\libc.a(fputc.o)
                              c:/winavr-20071221/bin/../lib/gcc/avr/4.2.2/../../../../avr/lib/avr5\libc.a(vfprintf_std.o) (fputc)
c:/winavr-20071221/bin/../lib/gcc/avr/4.2.2/../../../../avr/lib/avr5\libc.a(ultoa_invert.o)
                              c:/winavr-20071221/bin/../lib/gcc/avr/4.2.2/../../../../avr/lib/avr5\libc.a(vfprintf_std.o) (__ultoa_invert)

Allocating common symbols
Common symbol       size              file

backlight_run       0x2               Interrupts.o
backlight_count     0x2               Interrupts.o
useBusy             0x2               LCD.o
LCD_busy            0x2               LCD.o
LDR_run             0x2               Interrupts.o
key_count           0x2               Interrupts.o
clock_count         0x2               Interrupts.o
seconds             0x1               clock.o
temp_count          0x2               Interrupts.o
count               0x2               LCD.o
clock_run           0x2               Interrupts.o
key_run             0x2               Interrupts.o
temp_run            0x2               Interrupts.o
LDR_count           0x2               Interrupts.o
minutes             0x1               clock.o
hours               0x1               clock.o

Memory Configuration

Name             Origin             Length             Attributes
text             0x00000000         0x00020000         xr
data             0x00800060         0x0000ffa0         rw !x
eeprom           0x00810000         0x00010000         rw !x
fuse             0x00820000         0x00000400         rw !x
lock             0x00830000         0x00000400         rw !x
signature        0x00840000         0x00000400         rw !x
*default*        0x00000000         0xffffffff

Linker script and memory map

LOAD c:/winavr-20071221/bin/../lib/gcc/avr/4.2.2/../../../../avr/lib/avr5/crtm32.o
LOAD Main.o
LOAD LCD.o
LOAD Keyboard.o
LOAD ADC.o
LOAD DAC.o
LOAD Interrupts.o
LOAD clock.o
LOAD LCD_fixed_text.o
LOAD c:/winavr-20071221/bin/../lib/gcc/avr/4.2.2/avr5\libgcc.a
LOAD c:/winavr-20071221/bin/../lib/gcc/avr/4.2.2/../../../../avr/lib/avr5\libc.a
LOAD c:/winavr-20071221/bin/../lib/gcc/avr/4.2.2/avr5\libgcc.a

.hash
 *(.hash)

.dynsym
 *(.dynsym)

.dynstr
 *(.dynstr)

.gnu.version
 *(.gnu.version)

.gnu.version_d
 *(.gnu.version_d)

.gnu.version_r
 *(.gnu.version_r)

.rel.init
 *(.rel.init)

.rela.init
 *(.rela.init)

.rel.text
 *(.rel.text)
 *(.rel.text.*)
 *(.rel.gnu.linkonce.t*)

.rela.text
 *(.rela.text)
 *(.rela.text.*)
 *(.rela.gnu.linkonce.t*)

.rel.fini
 *(.rel.fini)

.rela.fini
 *(.rela.fini)

.rel.rodata
 *(.rel.rodata)
 *(.rel.rodata.*)
 *(.rel.gnu.linkonce.r*)

.rela.rodata
 *(.rela.rodata)
 *(.rela.rodata.*)
 *(.rela.gnu.linkonce.r*)

.rel.data
 *(.rel.data)
 *(.rel.data.*)
 *(.rel.gnu.linkonce.d*)

.rela.data
 *(.rela.data)
 *(.rela.data.*)
 *(.rela.gnu.linkonce.d*)

.rel.ctors
 *(.rel.ctors)

.rela.ctors
 *(.rela.ctors)

.rel.dtors
 *(.rel.dtors)

.rela.dtors
 *(.rela.dtors)

.rel.got
 *(.rel.got)

.rela.got
 *(.rela.got)

.rel.bss
 *(.rel.bss)

.rela.bss
 *(.rela.bss)

.rel.plt
 *(.rel.plt)

.rela.plt
 *(.rela.plt)

.text           0x00000000     0x1b70
 *(.vectors)
 .vectors       0x00000000       0x54 c:/winavr-20071221/bin/../lib/gcc/avr/4.2.2/../../../../avr/lib/avr5/crtm32.o
                0x00000000                __vectors
                0x00000000                __vector_default
 *(.vectors)
 *(.progmem.gcc*)
 *(.progmem*)
                0x00000054                . = ALIGN (0x2)
                0x00000054                __trampolines_start = .
 *(.trampolines)
 .trampolines   0x00000054        0x0 linker stubs
 *(.trampolines*)
                0x00000054                __trampolines_end = .
 *(.jumptables)
 *(.jumptables*)
 *(.lowtext)
 *(.lowtext*)
                0x00000054                __ctors_start = .
 *(.ctors)
                0x00000054                __ctors_end = .
                0x00000054                __dtors_start = .
 *(.dtors)
                0x00000054                __dtors_end = .
 SORT(*)(.ctors)
 SORT(*)(.dtors)
 *(.init0)
 .init0         0x00000054        0x0 c:/winavr-20071221/bin/../lib/gcc/avr/4.2.2/../../../../avr/lib/avr5/crtm32.o
                0x00000054                __init
 *(.init0)
 *(.init1)
 *(.init1)
 *(.init2)
 .init2         0x00000054        0xc c:/winavr-20071221/bin/../lib/gcc/avr/4.2.2/../../../../avr/lib/avr5/crtm32.o
 *(.init2)
 *(.init3)
 *(.init3)
 *(.init4)
 .init4         0x00000060       0x16 c:/winavr-20071221/bin/../lib/gcc/avr/4.2.2/avr5\libgcc.a(_copy_data.o)
                0x00000060                __do_copy_data
 .init4         0x00000076       0x10 c:/winavr-20071221/bin/../lib/gcc/avr/4.2.2/avr5\libgcc.a(_clear_bss.o)
                0x00000076                __do_clear_bss
 *(.init4)
 *(.init5)
 *(.init5)
 *(.init6)
 *(.init6)
 *(.init7)
 *(.init7)
 *(.init8)
 *(.init8)
 *(.init9)
 .init9         0x00000086        0x8 c:/winavr-20071221/bin/../lib/gcc/avr/4.2.2/../../../../avr/lib/avr5/crtm32.o
 *(.init9)
 *(.text)
 .text          0x0000008e        0x4 c:/winavr-20071221/bin/../lib/gcc/avr/4.2.2/../../../../avr/lib/avr5/crtm32.o
                0x0000008e                __vector_1
                0x0000008e                __vector_12
                0x0000008e                __bad_interrupt
                0x0000008e                __vector_6
                0x0000008e                __vector_3
                0x0000008e                __vector_11
                0x0000008e                __vector_13
                0x0000008e                __vector_17
                0x0000008e                __vector_19
                0x0000008e                __vector_5
                0x0000008e                __vector_4
                0x0000008e                __vector_9
                0x0000008e                __vector_2
                0x0000008e                __vector_15
                0x0000008e                __vector_8
                0x0000008e                __vector_14
                0x0000008e                __vector_10
                0x0000008e                __vector_16
                0x0000008e                __vector_18
                0x0000008e                __vector_20
 .text          0x00000092       0x94 Main.o
                0x00000092                main
 .text          0x00000126      0x1c8 LCD.o
                0x00000126                LCD_cmd
                0x0000015c                LCD_prt
                0x000002a2                LCD_init
                0x00000192                LCD_BL
                0x000001a4                LCD_str
                0x000001d8                LCD_goto
                0x000001fa                LCD_clr
                0x000001be                LCD_move
                0x00000202                BL_dimmer
 .text          0x000002ee      0x10e Keyboard.o
                0x0000030e                col_init
                0x0000032e                KEY_read
                0x000002ee                rows_init
 .text          0x000003fc      0x1c8 ADC.o
                0x000004d0                temp
                0x0000041c                light
                0x000003fc                ADC_init
 .text          0x000005c4       0xe0 DAC.o
                0x000005c4                potentiometer
                0x00000632                pwm_init
                0x0000068e                potent_init
 .text          0x000006a4      0x12c Interrupts.o
                0x000006a4                timer1_init
                0x000006c0                __vector_7
 .text          0x000007d0      0x10c clock.o
                0x000007d0                clock
 .text          0x000008dc       0x6e LCD_fixed_text.o
                0x000008dc                fixed_text
 .text          0x0000094a        0x0 c:/winavr-20071221/bin/../lib/gcc/avr/4.2.2/avr5\libgcc.a(_divmodhi4.o)
 .text          0x0000094a        0x0 c:/winavr-20071221/bin/../lib/gcc/avr/4.2.2/avr5\libgcc.a(_exit.o)
 .text          0x0000094a        0x0 c:/winavr-20071221/bin/../lib/gcc/avr/4.2.2/avr5\libgcc.a(_copy_data.o)
 .text          0x0000094a        0x0 c:/winavr-20071221/bin/../lib/gcc/avr/4.2.2/avr5\libgcc.a(_clear_bss.o)
 .text          0x0000094a      0x348 c:/winavr-20071221/bin/../lib/gcc/avr/4.2.2/avr5\libgcc.a(_addsub_sf.o)
                0x00000bd6                __subsf3
                0x00000c38                __addsf3
 .text          0x00000c92      0x1fe c:/winavr-20071221/bin/../lib/gcc/avr/4.2.2/avr5\libgcc.a(_mul_sf.o)
                0x00000c92                __mulsf3
 .text          0x00000e90      0x16a c:/winavr-20071221/bin/../lib/gcc/avr/4.2.2/avr5\libgcc.a(_div_sf.o)
                0x00000e90                __divsf3
 .text          0x00000ffa       0xa6 c:/winavr-20071221/bin/../lib/gcc/avr/4.2.2/avr5\libgcc.a(_sf_to_si.o)
                0x00000ffa                __fixsfsi
 .text          0x000010a0        0x0 c:/winavr-20071221/bin/../lib/gcc/avr/4.2.2/avr5\libgcc.a(_thenan_sf.o)
 .text          0x000010a0       0xe6 c:/winavr-20071221/bin/../lib/gcc/avr/4.2.2/avr5\libgcc.a(_usi_to_sf.o)
                0x000010a0                __floatunsisf
 .text          0x00001186        0x0 c:/winavr-20071221/bin/../lib/gcc/avr/4.2.2/avr5\libgcc.a(_udivmodhi4.o)
 .text          0x00001186        0x0 c:/winavr-20071221/bin/../lib/gcc/avr/4.2.2/avr5\libgcc.a(_prologue.o)
 .text          0x00001186        0x0 c:/winavr-20071221/bin/../lib/gcc/avr/4.2.2/avr5\libgcc.a(_epilogue.o)
 .text          0x00001186       0x9a c:/winavr-20071221/bin/../lib/gcc/avr/4.2.2/avr5\libgcc.a(_clzsi2.o)
                0x00001186                __clzsi2
 .text          0x00001220      0x1c0 c:/winavr-20071221/bin/../lib/gcc/avr/4.2.2/avr5\libgcc.a(_pack_sf.o)
                0x00001220                __pack_f
 .text          0x000013e0       0xe0 c:/winavr-20071221/bin/../lib/gcc/avr/4.2.2/avr5\libgcc.a(_unpack_sf.o)
                0x000013e0                __unpack_f
 .text          0x000014c0        0x0 c:/winavr-20071221/bin/../lib/gcc/avr/4.2.2/avr5\libgcc.a(_clz.o)
 .text          0x000014c0       0x16 c:/winavr-20071221/bin/../lib/gcc/avr/4.2.2/../../../../avr/lib/avr5\libc.a(strcat.o)
                0x000014c0                strcat
 .text          0x000014d6       0x42 c:/winavr-20071221/bin/../lib/gcc/avr/4.2.2/../../../../avr/lib/avr5\libc.a(itoa.o)
                0x000014d6                itoa
 .text          0x00001518       0x4a c:/winavr-20071221/bin/../lib/gcc/avr/4.2.2/../../../../avr/lib/avr5\libc.a(sprintf.o)
                0x00001518                sprintf
 .text          0x00001562      0x3f0 c:/winavr-20071221/bin/../lib/gcc/avr/4.2.2/../../../../avr/lib/avr5\libc.a(vfprintf_std.o)
                0x00001562                vfprintf
 .text          0x00001952       0x16 c:/winavr-20071221/bin/../lib/gcc/avr/4.2.2/../../../../avr/lib/avr5\libc.a(strnlen_P.o)
                0x00001952                strnlen_P
 .text          0x00001968       0x16 c:/winavr-20071221/bin/../lib/gcc/avr/4.2.2/../../../../avr/lib/avr5\libc.a(strnlen.o)
                0x00001968                strnlen
 .text          0x0000197e       0x20 c:/winavr-20071221/bin/../lib/gcc/avr/4.2.2/../../../../avr/lib/avr5\libc.a(strrev.o)
                0x0000197e                strrev
 .text          0x0000199e       0x58 c:/winavr-20071221/bin/../lib/gcc/avr/4.2.2/../../../../avr/lib/avr5\libc.a(fputc.o)
                0x0000199e                fputc
 .text          0x000019f6       0xbc c:/winavr-20071221/bin/../lib/gcc/avr/4.2.2/../../../../avr/lib/avr5\libc.a(ultoa_invert.o)
                0x000019f6                __ultoa_invert
                0x00001ab2                . = ALIGN (0x2)
 *(.text.*)
 .text.libgcc   0x00001ab2       0x26 c:/winavr-20071221/bin/../lib/gcc/avr/4.2.2/avr5\libgcc.a(_divmodhi4.o)
                0x00001ab2                __divmodhi4
                0x00001ab2                _div
 .text.libgcc   0x00001ad8        0x0 c:/winavr-20071221/bin/../lib/gcc/avr/4.2.2/avr5\libgcc.a(_exit.o)
 .text.libgcc   0x00001ad8        0x0 c:/winavr-20071221/bin/../lib/gcc/avr/4.2.2/avr5\libgcc.a(_copy_data.o)
 .text.libgcc   0x00001ad8        0x0 c:/winavr-20071221/bin/../lib/gcc/avr/4.2.2/avr5\libgcc.a(_clear_bss.o)
 .text.libgcc   0x00001ad8       0x28 c:/winavr-20071221/bin/../lib/gcc/avr/4.2.2/avr5\libgcc.a(_udivmodhi4.o)
                0x00001ad8                __udivmodhi4
 .text.libgcc   0x00001b00       0x38 c:/winavr-20071221/bin/../lib/gcc/avr/4.2.2/avr5\libgcc.a(_prologue.o)
                0x00001b00                __prologue_saves__
 .text.libgcc   0x00001b38       0x36 c:/winavr-20071221/bin/../lib/gcc/avr/4.2.2/avr5\libgcc.a(_epilogue.o)
                0x00001b38                __epilogue_restores__
                0x00001b6e                . = ALIGN (0x2)
 *(.fini9)
 .fini9         0x00001b6e        0x0 c:/winavr-20071221/bin/../lib/gcc/avr/4.2.2/avr5\libgcc.a(_exit.o)
                0x00001b6e                exit
                0x00001b6e                _exit
 *(.fini9)
 *(.fini8)
 *(.fini8)
 *(.fini7)
 *(.fini7)
 *(.fini6)
 *(.fini6)
 *(.fini5)
 *(.fini5)
 *(.fini4)
 *(.fini4)
 *(.fini3)
 *(.fini3)
 *(.fini2)
 *(.fini2)
 *(.fini1)
 *(.fini1)
 *(.fini0)
 .fini0         0x00001b6e        0x2 c:/winavr-20071221/bin/../lib/gcc/avr/4.2.2/avr5\libgcc.a(_exit.o)
 *(.fini0)
                0x00001b70                _etext = .

.data           0x00800060      0x188 load address 0x00001b70
                0x00800060                PROVIDE (__data_start, .)
 *(.data)
 .data          0x00800060        0x0 c:/winavr-20071221/bin/../lib/gcc/avr/4.2.2/../../../../avr/lib/avr5/crtm32.o
 .data          0x00800060        0x0 Main.o
 .data          0x00800060        0xa LCD.o
 .data          0x0080006a        0x1 Keyboard.o
 .data          0x0080006b        0xf ADC.o
 .data          0x0080007a       0x54 DAC.o
 .data          0x008000ce        0x0 Interrupts.o
 .data          0x008000ce        0x5 clock.o
 .data          0x008000d3        0xc LCD_fixed_text.o
 .data          0x008000df        0x0 c:/winavr-20071221/bin/../lib/gcc/avr/4.2.2/avr5\libgcc.a(_divmodhi4.o)
 .data          0x008000df        0x0 c:/winavr-20071221/bin/../lib/gcc/avr/4.2.2/avr5\libgcc.a(_exit.o)
 .data          0x008000df        0x0 c:/winavr-20071221/bin/../lib/gcc/avr/4.2.2/avr5\libgcc.a(_copy_data.o)
 .data          0x008000df        0x0 c:/winavr-20071221/bin/../lib/gcc/avr/4.2.2/avr5\libgcc.a(_clear_bss.o)
 .data          0x008000df        0x0 c:/winavr-20071221/bin/../lib/gcc/avr/4.2.2/avr5\libgcc.a(_addsub_sf.o)
 .data          0x008000df        0x0 c:/winavr-20071221/bin/../lib/gcc/avr/4.2.2/avr5\libgcc.a(_mul_sf.o)
 .data          0x008000df        0x0 c:/winavr-20071221/bin/../lib/gcc/avr/4.2.2/avr5\libgcc.a(_div_sf.o)
 .data          0x008000df        0x0 c:/winavr-20071221/bin/../lib/gcc/avr/4.2.2/avr5\libgcc.a(_sf_to_si.o)
 .data          0x008000df        0x8 c:/winavr-20071221/bin/../lib/gcc/avr/4.2.2/avr5\libgcc.a(_thenan_sf.o)
                0x008000df                __thenan_sf
 .data          0x008000e7        0x0 c:/winavr-20071221/bin/../lib/gcc/avr/4.2.2/avr5\libgcc.a(_usi_to_sf.o)
 .data          0x008000e7        0x0 c:/winavr-20071221/bin/../lib/gcc/avr/4.2.2/avr5\libgcc.a(_udivmodhi4.o)
 .data          0x008000e7        0x0 c:/winavr-20071221/bin/../lib/gcc/avr/4.2.2/avr5\libgcc.a(_prologue.o)
 .data          0x008000e7        0x0 c:/winavr-20071221/bin/../lib/gcc/avr/4.2.2/avr5\libgcc.a(_epilogue.o)
 .data          0x008000e7        0x0 c:/winavr-20071221/bin/../lib/gcc/avr/4.2.2/avr5\libgcc.a(_clzsi2.o)
 .data          0x008000e7        0x0 c:/winavr-20071221/bin/../lib/gcc/avr/4.2.2/avr5\libgcc.a(_pack_sf.o)
 .data          0x008000e7        0x0 c:/winavr-20071221/bin/../lib/gcc/avr/4.2.2/avr5\libgcc.a(_unpack_sf.o)
 .data          0x008000e7      0x100 c:/winavr-20071221/bin/../lib/gcc/avr/4.2.2/avr5\libgcc.a(_clz.o)
                0x008000e7                __clz_tab
 .data          0x008001e7        0x0 c:/winavr-20071221/bin/../lib/gcc/avr/4.2.2/../../../../avr/lib/avr5\libc.a(strcat.o)
 .data          0x008001e7        0x0 c:/winavr-20071221/bin/../lib/gcc/avr/4.2.2/../../../../avr/lib/avr5\libc.a(itoa.o)
 .data          0x008001e7        0x0 c:/winavr-20071221/bin/../lib/gcc/avr/4.2.2/../../../../avr/lib/avr5\libc.a(sprintf.o)
 .data          0x008001e7        0x0 c:/winavr-20071221/bin/../lib/gcc/avr/4.2.2/../../../../avr/lib/avr5\libc.a(vfprintf_std.o)
 .data          0x008001e7        0x0 c:/winavr-20071221/bin/../lib/gcc/avr/4.2.2/../../../../avr/lib/avr5\libc.a(strnlen_P.o)
 .data          0x008001e7        0x0 c:/winavr-20071221/bin/../lib/gcc/avr/4.2.2/../../../../avr/lib/avr5\libc.a(strnlen.o)
 .data          0x008001e7        0x0 c:/winavr-20071221/bin/../lib/gcc/avr/4.2.2/../../../../avr/lib/avr5\libc.a(strrev.o)
 .data          0x008001e7        0x0 c:/winavr-20071221/bin/../lib/gcc/avr/4.2.2/../../../../avr/lib/avr5\libc.a(fputc.o)
 .data          0x008001e7        0x0 c:/winavr-20071221/bin/../lib/gcc/avr/4.2.2/../../../../avr/lib/avr5\libc.a(ultoa_invert.o)
 *(.data*)
 *(.rodata)
 *(.rodata*)
 *(.gnu.linkonce.d*)
                0x008001e8                . = ALIGN (0x2)
 *fill*         0x008001e7        0x1 00
                0x008001e8                _edata = .
                0x008001e8                PROVIDE (__data_end, .)

.bss            0x008001e8       0x1f load address 0x00001cf8
                0x008001e8                PROVIDE (__bss_start, .)
 *(.bss)
 .bss           0x008001e8        0x0 c:/winavr-20071221/bin/../lib/gcc/avr/4.2.2/../../../../avr/lib/avr5/crtm32.o
 .bss           0x008001e8        0x1 Main.o
 .bss           0x008001e9        0x1 LCD.o
 .bss           0x008001ea        0x0 Keyboard.o
 .bss           0x008001ea        0x0 ADC.o
 .bss           0x008001ea        0x0 DAC.o
 .bss           0x008001ea        0x0 Interrupts.o
 .bss           0x008001ea        0x0 clock.o
 .bss           0x008001ea        0x0 LCD_fixed_text.o
 .bss           0x008001ea        0x0 c:/winavr-20071221/bin/../lib/gcc/avr/4.2.2/avr5\libgcc.a(_divmodhi4.o)
 .bss           0x008001ea        0x0 c:/winavr-20071221/bin/../lib/gcc/avr/4.2.2/avr5\libgcc.a(_exit.o)
 .bss           0x008001ea        0x0 c:/winavr-20071221/bin/../lib/gcc/avr/4.2.2/avr5\libgcc.a(_copy_data.o)
 .bss           0x008001ea        0x0 c:/winavr-20071221/bin/../lib/gcc/avr/4.2.2/avr5\libgcc.a(_clear_bss.o)
 .bss           0x008001ea        0x0 c:/winavr-20071221/bin/../lib/gcc/avr/4.2.2/avr5\libgcc.a(_addsub_sf.o)
 .bss           0x008001ea        0x0 c:/winavr-20071221/bin/../lib/gcc/avr/4.2.2/avr5\libgcc.a(_mul_sf.o)
 .bss           0x008001ea        0x0 c:/winavr-20071221/bin/../lib/gcc/avr/4.2.2/avr5\libgcc.a(_div_sf.o)
 .bss           0x008001ea        0x0 c:/winavr-20071221/bin/../lib/gcc/avr/4.2.2/avr5\libgcc.a(_sf_to_si.o)
 .bss           0x008001ea        0x0 c:/winavr-20071221/bin/../lib/gcc/avr/4.2.2/avr5\libgcc.a(_thenan_sf.o)
 .bss           0x008001ea        0x0 c:/winavr-20071221/bin/../lib/gcc/avr/4.2.2/avr5\libgcc.a(_usi_to_sf.o)
 .bss           0x008001ea        0x0 c:/winavr-20071221/bin/../lib/gcc/avr/4.2.2/avr5\libgcc.a(_udivmodhi4.o)
 .bss           0x008001ea        0x0 c:/winavr-20071221/bin/../lib/gcc/avr/4.2.2/avr5\libgcc.a(_prologue.o)
 .bss           0x008001ea        0x0 c:/winavr-20071221/bin/../lib/gcc/avr/4.2.2/avr5\libgcc.a(_epilogue.o)
 .bss           0x008001ea        0x0 c:/winavr-20071221/bin/../lib/gcc/avr/4.2.2/avr5\libgcc.a(_clzsi2.o)
 .bss           0x008001ea        0x0 c:/winavr-20071221/bin/../lib/gcc/avr/4.2.2/avr5\libgcc.a(_pack_sf.o)
 .bss           0x008001ea        0x0 c:/winavr-20071221/bin/../lib/gcc/avr/4.2.2/avr5\libgcc.a(_unpack_sf.o)
 .bss           0x008001ea        0x0 c:/winavr-20071221/bin/../lib/gcc/avr/4.2.2/avr5\libgcc.a(_clz.o)
 .bss           0x008001ea        0x0 c:/winavr-20071221/bin/../lib/gcc/avr/4.2.2/../../../../avr/lib/avr5\libc.a(strcat.o)
 .bss           0x008001ea        0x0 c:/winavr-20071221/bin/../lib/gcc/avr/4.2.2/../../../../avr/lib/avr5\libc.a(itoa.o)
 .bss           0x008001ea        0x0 c:/winavr-20071221/bin/../lib/gcc/avr/4.2.2/../../../../avr/lib/avr5\libc.a(sprintf.o)
 .bss           0x008001ea        0x0 c:/winavr-20071221/bin/../lib/gcc/avr/4.2.2/../../../../avr/lib/avr5\libc.a(vfprintf_std.o)
 .bss           0x008001ea        0x0 c:/winavr-20071221/bin/../lib/gcc/avr/4.2.2/../../../../avr/lib/avr5\libc.a(strnlen_P.o)
 .bss           0x008001ea        0x0 c:/winavr-20071221/bin/../lib/gcc/avr/4.2.2/../../../../avr/lib/avr5\libc.a(strnlen.o)
 .bss           0x008001ea        0x0 c:/winavr-20071221/bin/../lib/gcc/avr/4.2.2/../../../../avr/lib/avr5\libc.a(strrev.o)
 .bss           0x008001ea        0x0 c:/winavr-20071221/bin/../lib/gcc/avr/4.2.2/../../../../avr/lib/avr5\libc.a(fputc.o)
 .bss           0x008001ea        0x0 c:/winavr-20071221/bin/../lib/gcc/avr/4.2.2/../../../../avr/lib/avr5\libc.a(ultoa_invert.o)
 *(.bss*)
 *(COMMON)
 COMMON         0x008001ea        0x6 LCD.o
                0x008001ea                useBusy
                0x008001ec                LCD_busy
                0x008001ee                count
 COMMON         0x008001f0       0x14 Interrupts.o
                0x008001f0                backlight_run
                0x008001f2                backlight_count
                0x008001f4                LDR_run
                0x008001f6                key_count
                0x008001f8                clock_count
                0x008001fa                temp_count
                0x008001fc                clock_run
                0x008001fe                key_run
                0x00800200                temp_run
                0x00800202                LDR_count
 COMMON         0x00800204        0x3 clock.o
                0x00800204                seconds
                0x00800205                minutes
                0x00800206                hours
                0x00800207                PROVIDE (__bss_end, .)
                0x00001b70                __data_load_start = LOADADDR (.data)
                0x00001cf8                __data_load_end = (__data_load_start + SIZEOF (.data))

.noinit         0x00800207        0x0
                0x00800207                PROVIDE (__noinit_start, .)
 *(.noinit*)
                0x00800207                PROVIDE (__noinit_end, .)
                0x00800207                _end = .
                0x00800207                PROVIDE (__heap_start, .)

.eeprom         0x00810000        0x0
 *(.eeprom*)
                0x00810000                __eeprom_end = .

.fuse
 *(.fuse)
 *(.lfuse)
 *(.hfuse)
 *(.efuse)

.lock
 *(.lock*)

.signature
 *(.signature*)

.stab           0x00000000      0x378
 *(.stab)
 .stab          0x00000000      0x378 c:/winavr-20071221/bin/../lib/gcc/avr/4.2.2/../../../../avr/lib/avr5/crtm32.o

.stabstr        0x00000000       0x5f
 *(.stabstr)
 .stabstr       0x00000000       0x5f c:/winavr-20071221/bin/../lib/gcc/avr/4.2.2/../../../../avr/lib/avr5/crtm32.o

.stab.excl
 *(.stab.excl)

.stab.exclstr
 *(.stab.exclstr)

.stab.index
 *(.stab.index)

.stab.indexstr
 *(.stab.indexstr)

.comment
 *(.comment)

.debug
 *(.debug)

.line
 *(.line)

.debug_srcinfo
 *(.debug_srcinfo)

.debug_sfnames
 *(.debug_sfnames)

.debug_aranges  0x00000000      0x100
 *(.debug_aranges)
 .debug_aranges
                0x00000000       0x20 Main.o
 .debug_aranges
                0x00000020       0x20 LCD.o
 .debug_aranges
                0x00000040       0x20 Keyboard.o
 .debug_aranges
                0x00000060       0x20 ADC.o
 .debug_aranges
                0x00000080       0x20 DAC.o
 .debug_aranges
                0x000000a0       0x20 Interrupts.o
 .debug_aranges
                0x000000c0       0x20 clock.o
 .debug_aranges
                0x000000e0       0x20 LCD_fixed_text.o

.debug_pubnames
                0x00000000      0x291
 *(.debug_pubnames)
 .debug_pubnames
                0x00000000       0x1b Main.o
 .debug_pubnames
                0x0000001b       0xa5 LCD.o
 .debug_pubnames
                0x000000c0       0x3a Keyboard.o
 .debug_pubnames
                0x000000fa       0x32 ADC.o
 .debug_pubnames
                0x0000012c       0x41 DAC.o
 .debug_pubnames
                0x0000016d       0xc5 Interrupts.o
 .debug_pubnames
                0x00000232       0x3e clock.o
 .debug_pubnames
                0x00000270       0x21 LCD_fixed_text.o

.debug_info     0x00000000      0xcd7
 *(.debug_info)
 .debug_info    0x00000000       0xcf Main.o
 .debug_info    0x000000cf      0x3dd LCD.o
 .debug_info    0x000004ac      0x231 Keyboard.o
 .debug_info    0x000006dd      0x182 ADC.o
 .debug_info    0x0000085f      0x22b DAC.o
 .debug_info    0x00000a8a      0x140 Interrupts.o
 .debug_info    0x00000bca       0xd4 clock.o
 .debug_info    0x00000c9e       0x39 LCD_fixed_text.o
 *(.gnu.linkonce.wi.*)

.debug_abbrev   0x00000000      0x589
 *(.debug_abbrev)
 .debug_abbrev  0x00000000       0x61 Main.o
 .debug_abbrev  0x00000061      0x137 LCD.o
 .debug_abbrev  0x00000198       0xfb Keyboard.o
 .debug_abbrev  0x00000293       0xdb ADC.o
 .debug_abbrev  0x0000036e      0x117 DAC.o
 .debug_abbrev  0x00000485       0x63 Interrupts.o
 .debug_abbrev  0x000004e8       0x7a clock.o
 .debug_abbrev  0x00000562       0x27 LCD_fixed_text.o

.debug_line     0x00000000      0xbaa
 *(.debug_line)
 .debug_line    0x00000000       0xfe Main.o
 .debug_line    0x000000fe      0x367 LCD.o
 .debug_line    0x00000465      0x1e9 Keyboard.o
 .debug_line    0x0000064e      0x12f ADC.o
 .debug_line    0x0000077d      0x192 DAC.o
 .debug_line    0x0000090f      0x104 Interrupts.o
 .debug_line    0x00000a13       0xe7 clock.o
 .debug_line    0x00000afa       0xb0 LCD_fixed_text.o

.debug_frame    0x00000000      0x1f0
 *(.debug_frame)
 .debug_frame   0x00000000       0x20 Main.o
 .debug_frame   0x00000020       0xa0 LCD.o
 .debug_frame   0x000000c0       0x40 Keyboard.o
 .debug_frame   0x00000100       0x40 ADC.o
 .debug_frame   0x00000140       0x40 DAC.o
 .debug_frame   0x00000180       0x30 Interrupts.o
 .debug_frame   0x000001b0       0x20 clock.o
 .debug_frame   0x000001d0       0x20 LCD_fixed_text.o

.debug_str      0x00000000      0x329
 *(.debug_str)
 .debug_str     0x00000000       0xc7 Main.o
                                0x100 (size before relaxing)
 .debug_str     0x000000c7       0xd5 LCD.o
                                0x19b (size before relaxing)
 .debug_str     0x0000019c       0x5b Keyboard.o
                                0x166 (size before relaxing)
 .debug_str     0x000001f7       0x53 ADC.o
                                0x119 (size before relaxing)
 .debug_str     0x0000024a       0x32 DAC.o
                                0x130 (size before relaxing)
 .debug_str     0x0000027c       0x62 Interrupts.o
                                0x153 (size before relaxing)
 .debug_str     0x000002de       0x2c clock.o
                                 0xec (size before relaxing)
 .debug_str     0x0000030a       0x1f LCD_fixed_text.o
                                 0x73 (size before relaxing)

.debug_loc      0x00000000      0x2d7
 *(.debug_loc)
 .debug_loc     0x00000000      0x17d LCD.o
 .debug_loc     0x0000017d       0xa2 Keyboard.o
 .debug_loc     0x0000021f       0x68 ADC.o
 .debug_loc     0x00000287       0x50 DAC.o

.debug_macinfo
 *(.debug_macinfo)
OUTPUT(LCD.elf elf32-avr)
LOAD linker stubs
