Archive member included because of file (symbol)

c:/winavr-20071221/bin/../lib/gcc/avr/4.2.2/avr5\libgcc.a(_udivmodsi4.o)
                              SetClock.o (__udivmodsi4)
c:/winavr-20071221/bin/../lib/gcc/avr/4.2.2/avr5\libgcc.a(_exit.o)
                              c:/winavr-20071221/bin/../lib/gcc/avr/4.2.2/../../../../avr/lib/avr5/crtm32.o (exit)
c:/winavr-20071221/bin/../lib/gcc/avr/4.2.2/avr5\libgcc.a(_copy_data.o)
                              Main.o (__do_copy_data)
c:/winavr-20071221/bin/../lib/gcc/avr/4.2.2/avr5\libgcc.a(_clear_bss.o)
                              Main.o (__do_clear_bss)
c:/winavr-20071221/bin/../lib/gcc/avr/4.2.2/../../../../avr/lib/avr5\libc.a(atol.o)
                              SetClock.o (atol)
c:/winavr-20071221/bin/../lib/gcc/avr/4.2.2/../../../../avr/lib/avr5\libc.a(strcat.o)
                              ADC.o (strcat)
c:/winavr-20071221/bin/../lib/gcc/avr/4.2.2/../../../../avr/lib/avr5\libc.a(strcpy.o)
                              SetClock.o (strcpy)
c:/winavr-20071221/bin/../lib/gcc/avr/4.2.2/../../../../avr/lib/avr5\libc.a(itoa.o)
                              ADC.o (itoa)
c:/winavr-20071221/bin/../lib/gcc/avr/4.2.2/../../../../avr/lib/avr5\libc.a(mulsi10.o)
                              c:/winavr-20071221/bin/../lib/gcc/avr/4.2.2/../../../../avr/lib/avr5\libc.a(atol.o) (__mulsi_const_10)
c:/winavr-20071221/bin/../lib/gcc/avr/4.2.2/../../../../avr/lib/avr5\libc.a(sprintf.o)
                              clock.o (sprintf)
c:/winavr-20071221/bin/../lib/gcc/avr/4.2.2/../../../../avr/lib/avr5\libc.a(vfprintf_std.o)
                              c:/winavr-20071221/bin/../lib/gcc/avr/4.2.2/../../../../avr/lib/avr5\libc.a(sprintf.o) (vfprintf)
c:/winavr-20071221/bin/../lib/gcc/avr/4.2.2/../../../../avr/lib/avr5\libc.a(strnlen_P.o)
                              c:/winavr-20071221/bin/../lib/gcc/avr/4.2.2/../../../../avr/lib/avr5\libc.a(vfprintf_std.o) (strnlen_P)
c:/winavr-20071221/bin/../lib/gcc/avr/4.2.2/../../../../avr/lib/avr5\libc.a(strnlen.o)
                              c:/winavr-20071221/bin/../lib/gcc/avr/4.2.2/../../../../avr/lib/avr5\libc.a(vfprintf_std.o) (strnlen)
c:/winavr-20071221/bin/../lib/gcc/avr/4.2.2/../../../../avr/lib/avr5\libc.a(strrev.o)
                              c:/winavr-20071221/bin/../lib/gcc/avr/4.2.2/../../../../avr/lib/avr5\libc.a(itoa.o) (strrev)
c:/winavr-20071221/bin/../lib/gcc/avr/4.2.2/../../../../avr/lib/avr5\libc.a(fputc.o)
                              c:/winavr-20071221/bin/../lib/gcc/avr/4.2.2/../../../../avr/lib/avr5\libc.a(vfprintf_std.o) (fputc)
c:/winavr-20071221/bin/../lib/gcc/avr/4.2.2/../../../../avr/lib/avr5\libc.a(ultoa_invert.o)
                              c:/winavr-20071221/bin/../lib/gcc/avr/4.2.2/../../../../avr/lib/avr5\libc.a(vfprintf_std.o) (__ultoa_invert)
c:/winavr-20071221/bin/../lib/gcc/avr/4.2.2/avr5\libgcc.a(_udivmodhi4.o)
                              c:/winavr-20071221/bin/../lib/gcc/avr/4.2.2/../../../../avr/lib/avr5\libc.a(itoa.o) (__udivmodhi4)
c:/winavr-20071221/bin/../lib/gcc/avr/4.2.2/avr5\libgcc.a(_prologue.o)
                              c:/winavr-20071221/bin/../lib/gcc/avr/4.2.2/../../../../avr/lib/avr5\libc.a(sprintf.o) (__prologue_saves__)
c:/winavr-20071221/bin/../lib/gcc/avr/4.2.2/avr5\libgcc.a(_epilogue.o)
                              c:/winavr-20071221/bin/../lib/gcc/avr/4.2.2/../../../../avr/lib/avr5\libc.a(sprintf.o) (__epilogue_restores__)

Allocating common symbols
Common symbol       size              file

backlight_run       0x2               Interrupts.o
clock_master        0x2               clock.o
backlight_count     0x2               Interrupts.o
useBusy             0x2               LCD.o
LCD_busy            0x2               LCD.o
LDR_run             0x2               Interrupts.o
key_count           0x2               Interrupts.o
clock_count         0x2               Interrupts.o
SetClock_count      0x2               Interrupts.o
temp_count          0x2               Interrupts.o
count               0x2               LCD.o
clock_run           0x2               Interrupts.o
key_run             0x2               Interrupts.o
temp_run            0x2               Interrupts.o
LDR_count           0x2               Interrupts.o
SetClock_run        0x2               Interrupts.o

Memory Configuration

Name             Origin             Length             Attributes
text             0x00000000         0x00020000         xr
data             0x00800060         0x0000ffa0         rw !x
eeprom           0x00810000         0x00010000         rw !x
fuse             0x00820000         0x00000400         rw !x
lock             0x00830000         0x00000400         rw !x
signature        0x00840000         0x00000400         rw !x
*default*        0x00000000         0xffffffff

Linker script and memory map

LOAD c:/winavr-20071221/bin/../lib/gcc/avr/4.2.2/../../../../avr/lib/avr5/crtm32.o
LOAD Main.o
LOAD LCD.o
LOAD Keyboard.o
LOAD ADC.o
LOAD DAC.o
LOAD Interrupts.o
LOAD clock.o
LOAD LCD_fixed_text.o
LOAD SetClock.o
LOAD c:/winavr-20071221/bin/../lib/gcc/avr/4.2.2/avr5\libgcc.a
LOAD c:/winavr-20071221/bin/../lib/gcc/avr/4.2.2/../../../../avr/lib/avr5\libc.a
LOAD c:/winavr-20071221/bin/../lib/gcc/avr/4.2.2/avr5\libgcc.a

.hash
 *(.hash)

.dynsym
 *(.dynsym)

.dynstr
 *(.dynstr)

.gnu.version
 *(.gnu.version)

.gnu.version_d
 *(.gnu.version_d)

.gnu.version_r
 *(.gnu.version_r)

.rel.init
 *(.rel.init)

.rela.init
 *(.rela.init)

.rel.text
 *(.rel.text)
 *(.rel.text.*)
 *(.rel.gnu.linkonce.t*)

.rela.text
 *(.rela.text)
 *(.rela.text.*)
 *(.rela.gnu.linkonce.t*)

.rel.fini
 *(.rel.fini)

.rela.fini
 *(.rela.fini)

.rel.rodata
 *(.rel.rodata)
 *(.rel.rodata.*)
 *(.rel.gnu.linkonce.r*)

.rela.rodata
 *(.rela.rodata)
 *(.rela.rodata.*)
 *(.rela.gnu.linkonce.r*)

.rel.data
 *(.rel.data)
 *(.rel.data.*)
 *(.rel.gnu.linkonce.d*)

.rela.data
 *(.rela.data)
 *(.rela.data.*)
 *(.rela.gnu.linkonce.d*)

.rel.ctors
 *(.rel.ctors)

.rela.ctors
 *(.rela.ctors)

.rel.dtors
 *(.rel.dtors)

.rela.dtors
 *(.rela.dtors)

.rel.got
 *(.rel.got)

.rela.got
 *(.rela.got)

.rel.bss
 *(.rel.bss)

.rela.bss
 *(.rela.bss)

.rel.plt
 *(.rel.plt)

.rela.plt
 *(.rela.plt)

.text           0x00000000     0x129a
 *(.vectors)
 .vectors       0x00000000       0x54 c:/winavr-20071221/bin/../lib/gcc/avr/4.2.2/../../../../avr/lib/avr5/crtm32.o
                0x00000000                __vectors
                0x00000000                __vector_default
 *(.vectors)
 *(.progmem.gcc*)
 *(.progmem*)
                0x00000054                . = ALIGN (0x2)
                0x00000054                __trampolines_start = .
 *(.trampolines)
 .trampolines   0x00000054        0x0 linker stubs
 *(.trampolines*)
                0x00000054                __trampolines_end = .
 *(.jumptables)
 *(.jumptables*)
 *(.lowtext)
 *(.lowtext*)
                0x00000054                __ctors_start = .
 *(.ctors)
                0x00000054                __ctors_end = .
                0x00000054                __dtors_start = .
 *(.dtors)
                0x00000054                __dtors_end = .
 SORT(*)(.ctors)
 SORT(*)(.dtors)
 *(.init0)
 .init0         0x00000054        0x0 c:/winavr-20071221/bin/../lib/gcc/avr/4.2.2/../../../../avr/lib/avr5/crtm32.o
                0x00000054                __init
 *(.init0)
 *(.init1)
 *(.init1)
 *(.init2)
 .init2         0x00000054        0xc c:/winavr-20071221/bin/../lib/gcc/avr/4.2.2/../../../../avr/lib/avr5/crtm32.o
 *(.init2)
 *(.init3)
 *(.init3)
 *(.init4)
 .init4         0x00000060       0x16 c:/winavr-20071221/bin/../lib/gcc/avr/4.2.2/avr5\libgcc.a(_copy_data.o)
                0x00000060                __do_copy_data
 .init4         0x00000076       0x10 c:/winavr-20071221/bin/../lib/gcc/avr/4.2.2/avr5\libgcc.a(_clear_bss.o)
                0x00000076                __do_clear_bss
 *(.init4)
 *(.init5)
 *(.init5)
 *(.init6)
 *(.init6)
 *(.init7)
 *(.init7)
 *(.init8)
 *(.init8)
 *(.init9)
 .init9         0x00000086        0x8 c:/winavr-20071221/bin/../lib/gcc/avr/4.2.2/../../../../avr/lib/avr5/crtm32.o
 *(.init9)
 *(.text)
 .text          0x0000008e        0x4 c:/winavr-20071221/bin/../lib/gcc/avr/4.2.2/../../../../avr/lib/avr5/crtm32.o
                0x0000008e                __vector_1
                0x0000008e                __vector_12
                0x0000008e                __bad_interrupt
                0x0000008e                __vector_6
                0x0000008e                __vector_3
                0x0000008e                __vector_11
                0x0000008e                __vector_13
                0x0000008e                __vector_17
                0x0000008e                __vector_19
                0x0000008e                __vector_5
                0x0000008e                __vector_4
                0x0000008e                __vector_9
                0x0000008e                __vector_2
                0x0000008e                __vector_15
                0x0000008e                __vector_8
                0x0000008e                __vector_14
                0x0000008e                __vector_10
                0x0000008e                __vector_16
                0x0000008e                __vector_18
                0x0000008e                __vector_20
 .text          0x00000092       0xc6 Main.o
                0x00000092                main
 .text          0x00000158      0x1c8 LCD.o
                0x00000158                LCD_cmd
                0x0000018e                LCD_prt
                0x000002d4                LCD_init
                0x000001c4                LCD_BL
                0x000001d6                LCD_str
                0x0000020a                LCD_goto
                0x0000022c                LCD_clr
                0x000001f0                LCD_move
                0x00000234                BL_dimmer
 .text          0x00000320      0x10e Keyboard.o
                0x00000340                col_init
                0x00000360                KEY_read
                0x00000320                rows_init
 .text          0x0000042e      0x198 ADC.o
                0x00000502                temp
                0x0000044e                light
                0x0000042e                ADC_init
 .text          0x000005c6       0xe0 DAC.o
                0x000005c6                potentiometer
                0x00000634                pwm_init
                0x00000690                potent_init
 .text          0x000006a6      0x15c Interrupts.o
                0x000006a6                timer1_init
                0x000006c2                __vector_7
 .text          0x00000802       0xba clock.o
                0x00000802                clockUpdate
                0x00000810                clock
 .text          0x000008bc       0x6e LCD_fixed_text.o
                0x000008bc                fixed_text
 .text          0x0000092a      0x21c SetClock.o
                0x0000092a                SetClock
 .text          0x00000b46        0x0 c:/winavr-20071221/bin/../lib/gcc/avr/4.2.2/avr5\libgcc.a(_udivmodsi4.o)
 .text          0x00000b46        0x0 c:/winavr-20071221/bin/../lib/gcc/avr/4.2.2/avr5\libgcc.a(_exit.o)
 .text          0x00000b46        0x0 c:/winavr-20071221/bin/../lib/gcc/avr/4.2.2/avr5\libgcc.a(_copy_data.o)
 .text          0x00000b46        0x0 c:/winavr-20071221/bin/../lib/gcc/avr/4.2.2/avr5\libgcc.a(_clear_bss.o)
 .text          0x00000b46       0x4e c:/winavr-20071221/bin/../lib/gcc/avr/4.2.2/../../../../avr/lib/avr5\libc.a(atol.o)
                0x00000b46                atol
 .text          0x00000b94       0x16 c:/winavr-20071221/bin/../lib/gcc/avr/4.2.2/../../../../avr/lib/avr5\libc.a(strcat.o)
                0x00000b94                strcat
 .text          0x00000baa        0xe c:/winavr-20071221/bin/../lib/gcc/avr/4.2.2/../../../../avr/lib/avr5\libc.a(strcpy.o)
                0x00000baa                strcpy
 .text          0x00000bb8       0x42 c:/winavr-20071221/bin/../lib/gcc/avr/4.2.2/../../../../avr/lib/avr5\libc.a(itoa.o)
                0x00000bb8                itoa
 .text          0x00000bfa       0x2a c:/winavr-20071221/bin/../lib/gcc/avr/4.2.2/../../../../avr/lib/avr5\libc.a(mulsi10.o)
                0x00000bfa                __mulsi_const_10
 .text          0x00000c24       0x4a c:/winavr-20071221/bin/../lib/gcc/avr/4.2.2/../../../../avr/lib/avr5\libc.a(sprintf.o)
                0x00000c24                sprintf
 .text          0x00000c6e      0x3f0 c:/winavr-20071221/bin/../lib/gcc/avr/4.2.2/../../../../avr/lib/avr5\libc.a(vfprintf_std.o)
                0x00000c6e                vfprintf
 .text          0x0000105e       0x16 c:/winavr-20071221/bin/../lib/gcc/avr/4.2.2/../../../../avr/lib/avr5\libc.a(strnlen_P.o)
                0x0000105e                strnlen_P
 .text          0x00001074       0x16 c:/winavr-20071221/bin/../lib/gcc/avr/4.2.2/../../../../avr/lib/avr5\libc.a(strnlen.o)
                0x00001074                strnlen
 .text          0x0000108a       0x20 c:/winavr-20071221/bin/../lib/gcc/avr/4.2.2/../../../../avr/lib/avr5\libc.a(strrev.o)
                0x0000108a                strrev
 .text          0x000010aa       0x58 c:/winavr-20071221/bin/../lib/gcc/avr/4.2.2/../../../../avr/lib/avr5\libc.a(fputc.o)
                0x000010aa                fputc
 .text          0x00001102       0xbc c:/winavr-20071221/bin/../lib/gcc/avr/4.2.2/../../../../avr/lib/avr5\libc.a(ultoa_invert.o)
                0x00001102                __ultoa_invert
 .text          0x000011be        0x0 c:/winavr-20071221/bin/../lib/gcc/avr/4.2.2/avr5\libgcc.a(_udivmodhi4.o)
 .text          0x000011be        0x0 c:/winavr-20071221/bin/../lib/gcc/avr/4.2.2/avr5\libgcc.a(_prologue.o)
 .text          0x000011be        0x0 c:/winavr-20071221/bin/../lib/gcc/avr/4.2.2/avr5\libgcc.a(_epilogue.o)
                0x000011be                . = ALIGN (0x2)
 *(.text.*)
 .text.libgcc   0x000011be       0x44 c:/winavr-20071221/bin/../lib/gcc/avr/4.2.2/avr5\libgcc.a(_udivmodsi4.o)
                0x000011be                __udivmodsi4
 .text.libgcc   0x00001202        0x0 c:/winavr-20071221/bin/../lib/gcc/avr/4.2.2/avr5\libgcc.a(_exit.o)
 .text.libgcc   0x00001202        0x0 c:/winavr-20071221/bin/../lib/gcc/avr/4.2.2/avr5\libgcc.a(_copy_data.o)
 .text.libgcc   0x00001202        0x0 c:/winavr-20071221/bin/../lib/gcc/avr/4.2.2/avr5\libgcc.a(_clear_bss.o)
 .text.libgcc   0x00001202       0x28 c:/winavr-20071221/bin/../lib/gcc/avr/4.2.2/avr5\libgcc.a(_udivmodhi4.o)
                0x00001202                __udivmodhi4
 .text.libgcc   0x0000122a       0x38 c:/winavr-20071221/bin/../lib/gcc/avr/4.2.2/avr5\libgcc.a(_prologue.o)
                0x0000122a                __prologue_saves__
 .text.libgcc   0x00001262       0x36 c:/winavr-20071221/bin/../lib/gcc/avr/4.2.2/avr5\libgcc.a(_epilogue.o)
                0x00001262                __epilogue_restores__
                0x00001298                . = ALIGN (0x2)
 *(.fini9)
 .fini9         0x00001298        0x0 c:/winavr-20071221/bin/../lib/gcc/avr/4.2.2/avr5\libgcc.a(_exit.o)
                0x00001298                exit
                0x00001298                _exit
 *(.fini9)
 *(.fini8)
 *(.fini8)
 *(.fini7)
 *(.fini7)
 *(.fini6)
 *(.fini6)
 *(.fini5)
 *(.fini5)
 *(.fini4)
 *(.fini4)
 *(.fini3)
 *(.fini3)
 *(.fini2)
 *(.fini2)
 *(.fini1)
 *(.fini1)
 *(.fini0)
 .fini0         0x00001298        0x2 c:/winavr-20071221/bin/../lib/gcc/avr/4.2.2/avr5\libgcc.a(_exit.o)
 *(.fini0)
                0x0000129a                _etext = .

.data           0x00800060       0xa6 load address 0x0000129a
                0x00800060                PROVIDE (__data_start, .)
 *(.data)
 .data          0x00800060        0x0 c:/winavr-20071221/bin/../lib/gcc/avr/4.2.2/../../../../avr/lib/avr5/crtm32.o
 .data          0x00800060        0x2 Main.o
                0x00800060                debug
 .data          0x00800062        0xa LCD.o
 .data          0x0080006c        0x1 Keyboard.o
 .data          0x0080006d        0xa ADC.o
 .data          0x00800077       0x54 DAC.o
 .data          0x008000cb        0x0 Interrupts.o
 .data          0x008000cb        0xf clock.o
 .data          0x008000da        0xc LCD_fixed_text.o
 .data          0x008000e6       0x1f SetClock.o
 .data          0x00800105        0x0 c:/winavr-20071221/bin/../lib/gcc/avr/4.2.2/avr5\libgcc.a(_udivmodsi4.o)
 .data          0x00800105        0x0 c:/winavr-20071221/bin/../lib/gcc/avr/4.2.2/avr5\libgcc.a(_exit.o)
 .data          0x00800105        0x0 c:/winavr-20071221/bin/../lib/gcc/avr/4.2.2/avr5\libgcc.a(_copy_data.o)
 .data          0x00800105        0x0 c:/winavr-20071221/bin/../lib/gcc/avr/4.2.2/avr5\libgcc.a(_clear_bss.o)
 .data          0x00800105        0x0 c:/winavr-20071221/bin/../lib/gcc/avr/4.2.2/../../../../avr/lib/avr5\libc.a(atol.o)
 .data          0x00800105        0x0 c:/winavr-20071221/bin/../lib/gcc/avr/4.2.2/../../../../avr/lib/avr5\libc.a(strcat.o)
 .data          0x00800105        0x0 c:/winavr-20071221/bin/../lib/gcc/avr/4.2.2/../../../../avr/lib/avr5\libc.a(strcpy.o)
 .data          0x00800105        0x0 c:/winavr-20071221/bin/../lib/gcc/avr/4.2.2/../../../../avr/lib/avr5\libc.a(itoa.o)
 .data          0x00800105        0x0 c:/winavr-20071221/bin/../lib/gcc/avr/4.2.2/../../../../avr/lib/avr5\libc.a(mulsi10.o)
 .data          0x00800105        0x0 c:/winavr-20071221/bin/../lib/gcc/avr/4.2.2/../../../../avr/lib/avr5\libc.a(sprintf.o)
 .data          0x00800105        0x0 c:/winavr-20071221/bin/../lib/gcc/avr/4.2.2/../../../../avr/lib/avr5\libc.a(vfprintf_std.o)
 .data          0x00800105        0x0 c:/winavr-20071221/bin/../lib/gcc/avr/4.2.2/../../../../avr/lib/avr5\libc.a(strnlen_P.o)
 .data          0x00800105        0x0 c:/winavr-20071221/bin/../lib/gcc/avr/4.2.2/../../../../avr/lib/avr5\libc.a(strnlen.o)
 .data          0x00800105        0x0 c:/winavr-20071221/bin/../lib/gcc/avr/4.2.2/../../../../avr/lib/avr5\libc.a(strrev.o)
 .data          0x00800105        0x0 c:/winavr-20071221/bin/../lib/gcc/avr/4.2.2/../../../../avr/lib/avr5\libc.a(fputc.o)
 .data          0x00800105        0x0 c:/winavr-20071221/bin/../lib/gcc/avr/4.2.2/../../../../avr/lib/avr5\libc.a(ultoa_invert.o)
 .data          0x00800105        0x0 c:/winavr-20071221/bin/../lib/gcc/avr/4.2.2/avr5\libgcc.a(_udivmodhi4.o)
 .data          0x00800105        0x0 c:/winavr-20071221/bin/../lib/gcc/avr/4.2.2/avr5\libgcc.a(_prologue.o)
 .data          0x00800105        0x0 c:/winavr-20071221/bin/../lib/gcc/avr/4.2.2/avr5\libgcc.a(_epilogue.o)
 *(.data*)
 *(.rodata)
 *(.rodata*)
 *(.gnu.linkonce.d*)
                0x00800106                . = ALIGN (0x2)
 *fill*         0x00800105        0x1 00
                0x00800106                _edata = .
                0x00800106                PROVIDE (__data_end, .)

.bss            0x00800106       0x46 load address 0x00001340
                0x00800106                PROVIDE (__bss_start, .)
 *(.bss)
 .bss           0x00800106        0x0 c:/winavr-20071221/bin/../lib/gcc/avr/4.2.2/../../../../avr/lib/avr5/crtm32.o
 .bss           0x00800106        0x1 Main.o
 .bss           0x00800107        0x1 LCD.o
 .bss           0x00800108        0x0 Keyboard.o
 .bss           0x00800108        0x0 ADC.o
 .bss           0x00800108        0x0 DAC.o
 .bss           0x00800108        0x0 Interrupts.o
 .bss           0x00800108        0xb clock.o
 .bss           0x00800113        0x0 LCD_fixed_text.o
 .bss           0x00800113       0x19 SetClock.o
 .bss           0x0080012c        0x0 c:/winavr-20071221/bin/../lib/gcc/avr/4.2.2/avr5\libgcc.a(_udivmodsi4.o)
 .bss           0x0080012c        0x0 c:/winavr-20071221/bin/../lib/gcc/avr/4.2.2/avr5\libgcc.a(_exit.o)
 .bss           0x0080012c        0x0 c:/winavr-20071221/bin/../lib/gcc/avr/4.2.2/avr5\libgcc.a(_copy_data.o)
 .bss           0x0080012c        0x0 c:/winavr-20071221/bin/../lib/gcc/avr/4.2.2/avr5\libgcc.a(_clear_bss.o)
 .bss           0x0080012c        0x0 c:/winavr-20071221/bin/../lib/gcc/avr/4.2.2/../../../../avr/lib/avr5\libc.a(atol.o)
 .bss           0x0080012c        0x0 c:/winavr-20071221/bin/../lib/gcc/avr/4.2.2/../../../../avr/lib/avr5\libc.a(strcat.o)
 .bss           0x0080012c        0x0 c:/winavr-20071221/bin/../lib/gcc/avr/4.2.2/../../../../avr/lib/avr5\libc.a(strcpy.o)
 .bss           0x0080012c        0x0 c:/winavr-20071221/bin/../lib/gcc/avr/4.2.2/../../../../avr/lib/avr5\libc.a(itoa.o)
 .bss           0x0080012c        0x0 c:/winavr-20071221/bin/../lib/gcc/avr/4.2.2/../../../../avr/lib/avr5\libc.a(mulsi10.o)
 .bss           0x0080012c        0x0 c:/winavr-20071221/bin/../lib/gcc/avr/4.2.2/../../../../avr/lib/avr5\libc.a(sprintf.o)
 .bss           0x0080012c        0x0 c:/winavr-20071221/bin/../lib/gcc/avr/4.2.2/../../../../avr/lib/avr5\libc.a(vfprintf_std.o)
 .bss           0x0080012c        0x0 c:/winavr-20071221/bin/../lib/gcc/avr/4.2.2/../../../../avr/lib/avr5\libc.a(strnlen_P.o)
 .bss           0x0080012c        0x0 c:/winavr-20071221/bin/../lib/gcc/avr/4.2.2/../../../../avr/lib/avr5\libc.a(strnlen.o)
 .bss           0x0080012c        0x0 c:/winavr-20071221/bin/../lib/gcc/avr/4.2.2/../../../../avr/lib/avr5\libc.a(strrev.o)
 .bss           0x0080012c        0x0 c:/winavr-20071221/bin/../lib/gcc/avr/4.2.2/../../../../avr/lib/avr5\libc.a(fputc.o)
 .bss           0x0080012c        0x0 c:/winavr-20071221/bin/../lib/gcc/avr/4.2.2/../../../../avr/lib/avr5\libc.a(ultoa_invert.o)
 .bss           0x0080012c        0x0 c:/winavr-20071221/bin/../lib/gcc/avr/4.2.2/avr5\libgcc.a(_udivmodhi4.o)
 .bss           0x0080012c        0x0 c:/winavr-20071221/bin/../lib/gcc/avr/4.2.2/avr5\libgcc.a(_prologue.o)
 .bss           0x0080012c        0x0 c:/winavr-20071221/bin/../lib/gcc/avr/4.2.2/avr5\libgcc.a(_epilogue.o)
 *(.bss*)
 *(COMMON)
 COMMON         0x0080012c        0x6 LCD.o
                0x0080012c                useBusy
                0x0080012e                LCD_busy
                0x00800130                count
 COMMON         0x00800132       0x18 Interrupts.o
                0x00800132                backlight_run
                0x00800134                backlight_count
                0x00800136                LDR_run
                0x00800138                key_count
                0x0080013a                clock_count
                0x0080013c                SetClock_count
                0x0080013e                temp_count
                0x00800140                clock_run
                0x00800142                key_run
                0x00800144                temp_run
                0x00800146                LDR_count
                0x00800148                SetClock_run
 COMMON         0x0080014a        0x2 clock.o
                0x0080014a                clock_master
                0x0080014c                PROVIDE (__bss_end, .)
                0x0000129a                __data_load_start = LOADADDR (.data)
                0x00001340                __data_load_end = (__data_load_start + SIZEOF (.data))

.noinit         0x0080014c        0x0
                0x0080014c                PROVIDE (__noinit_start, .)
 *(.noinit*)
                0x0080014c                PROVIDE (__noinit_end, .)
                0x0080014c                _end = .
                0x0080014c                PROVIDE (__heap_start, .)

.eeprom         0x00810000        0x0
 *(.eeprom*)
                0x00810000                __eeprom_end = .

.fuse
 *(.fuse)
 *(.lfuse)
 *(.hfuse)
 *(.efuse)

.lock
 *(.lock*)

.signature
 *(.signature*)

.stab           0x00000000      0x378
 *(.stab)
 .stab          0x00000000      0x378 c:/winavr-20071221/bin/../lib/gcc/avr/4.2.2/../../../../avr/lib/avr5/crtm32.o

.stabstr        0x00000000       0x5f
 *(.stabstr)
 .stabstr       0x00000000       0x5f c:/winavr-20071221/bin/../lib/gcc/avr/4.2.2/../../../../avr/lib/avr5/crtm32.o

.stab.excl
 *(.stab.excl)

.stab.exclstr
 *(.stab.exclstr)

.stab.index
 *(.stab.index)

.stab.indexstr
 *(.stab.indexstr)

.comment
 *(.comment)

.debug
 *(.debug)

.line
 *(.line)

.debug_srcinfo
 *(.debug_srcinfo)

.debug_sfnames
 *(.debug_sfnames)

.debug_aranges  0x00000000      0x120
 *(.debug_aranges)
 .debug_aranges
                0x00000000       0x20 Main.o
 .debug_aranges
                0x00000020       0x20 LCD.o
 .debug_aranges
                0x00000040       0x20 Keyboard.o
 .debug_aranges
                0x00000060       0x20 ADC.o
 .debug_aranges
                0x00000080       0x20 DAC.o
 .debug_aranges
                0x000000a0       0x20 Interrupts.o
 .debug_aranges
                0x000000c0       0x20 clock.o
 .debug_aranges
                0x000000e0       0x20 LCD_fixed_text.o
 .debug_aranges
                0x00000100       0x20 SetClock.o

.debug_pubnames
                0x00000000      0x2dd
 *(.debug_pubnames)
 .debug_pubnames
                0x00000000       0x25 Main.o
 .debug_pubnames
                0x00000025       0xa5 LCD.o
 .debug_pubnames
                0x000000ca       0x3a Keyboard.o
 .debug_pubnames
                0x00000104       0x32 ADC.o
 .debug_pubnames
                0x00000136       0x41 DAC.o
 .debug_pubnames
                0x00000177       0xe9 Interrupts.o
 .debug_pubnames
                0x00000260       0x3d clock.o
 .debug_pubnames
                0x0000029d       0x21 LCD_fixed_text.o
 .debug_pubnames
                0x000002be       0x1f SetClock.o

.debug_info     0x00000000      0xeb1
 *(.debug_info)
 .debug_info    0x00000000       0xee Main.o
 .debug_info    0x000000ee      0x3dd LCD.o
 .debug_info    0x000004cb      0x231 Keyboard.o
 .debug_info    0x000006fc      0x164 ADC.o
 .debug_info    0x00000860      0x22b DAC.o
 .debug_info    0x00000a8b      0x164 Interrupts.o
 .debug_info    0x00000bef      0x127 clock.o
 .debug_info    0x00000d16       0x39 LCD_fixed_text.o
 .debug_info    0x00000d4f      0x162 SetClock.o
 *(.gnu.linkonce.wi.*)

.debug_abbrev   0x00000000      0x650
 *(.debug_abbrev)
 .debug_abbrev  0x00000000       0x72 Main.o
 .debug_abbrev  0x00000072      0x137 LCD.o
 .debug_abbrev  0x000001a9       0xfb Keyboard.o
 .debug_abbrev  0x000002a4       0xb7 ADC.o
 .debug_abbrev  0x0000035b      0x117 DAC.o
 .debug_abbrev  0x00000472       0x63 Interrupts.o
 .debug_abbrev  0x000004d5       0xad clock.o
 .debug_abbrev  0x00000582       0x27 LCD_fixed_text.o
 .debug_abbrev  0x000005a9       0xa7 SetClock.o

.debug_line     0x00000000      0xe3d
 *(.debug_line)
 .debug_line    0x00000000      0x126 Main.o
 .debug_line    0x00000126      0x367 LCD.o
 .debug_line    0x0000048d      0x1e9 Keyboard.o
 .debug_line    0x00000676      0x15f ADC.o
 .debug_line    0x000007d5      0x192 DAC.o
 .debug_line    0x00000967      0x11c Interrupts.o
 .debug_line    0x00000a83      0x113 clock.o
 .debug_line    0x00000b96       0xb0 LCD_fixed_text.o
 .debug_line    0x00000c46      0x1f7 SetClock.o

.debug_frame    0x00000000      0x220
 *(.debug_frame)
 .debug_frame   0x00000000       0x20 Main.o
 .debug_frame   0x00000020       0xa0 LCD.o
 .debug_frame   0x000000c0       0x40 Keyboard.o
 .debug_frame   0x00000100       0x40 ADC.o
 .debug_frame   0x00000140       0x40 DAC.o
 .debug_frame   0x00000180       0x30 Interrupts.o
 .debug_frame   0x000001b0       0x30 clock.o
 .debug_frame   0x000001e0       0x20 LCD_fixed_text.o
 .debug_frame   0x00000200       0x20 SetClock.o

.debug_str      0x00000000      0x3bf
 *(.debug_str)
 .debug_str     0x00000000       0xfe Main.o
                                0x137 (size before relaxing)
 .debug_str     0x000000fe       0xd5 LCD.o
                                0x1bf (size before relaxing)
 .debug_str     0x000001d3       0x5b Keyboard.o
                                0x18a (size before relaxing)
 .debug_str     0x0000022e       0x55 ADC.o
                                0x144 (size before relaxing)
 .debug_str     0x00000283       0x32 DAC.o
                                0x154 (size before relaxing)
 .debug_str     0x000002b5       0x71 Interrupts.o
                                0x193 (size before relaxing)
 .debug_str     0x00000326       0x45 clock.o
                                0x131 (size before relaxing)
 .debug_str     0x0000036b       0x1f LCD_fixed_text.o
                                 0x97 (size before relaxing)
 .debug_str     0x0000038a       0x35 SetClock.o
                                0x13e (size before relaxing)

.debug_loc      0x00000000      0x2b7
 *(.debug_loc)
 .debug_loc     0x00000000      0x17d LCD.o
 .debug_loc     0x0000017d       0xa2 Keyboard.o
 .debug_loc     0x0000021f       0x48 ADC.o
 .debug_loc     0x00000267       0x50 DAC.o

.debug_macinfo
 *(.debug_macinfo)
OUTPUT(LCD.elf elf32-avr)
LOAD linker stubs
